
UDAY@Puneeth MINGW64 ~/Desktop
$ cd Repo/devops

UDAY@Puneeth MINGW64 ~/Desktop/Repo/devops (main)
$ git branch Develop

UDAY@Puneeth MINGW64 ~/Desktop/Repo/devops (main)
$ git checkout develop
Switched to branch 'develop'

UDAY@Puneeth MINGW64 ~/Desktop/Repo/devops (develop)
$ git status
On branch develop
Untracked files:
  (use "git add <file>..." to include in what will be committed)
        file 3.txt

nothing added to commit but untracked files present (use "git add" to track)

UDAY@Puneeth MINGW64 ~/Desktop/Repo/devops (develop)
$ git add file 3.txt
fatal: pathspec 'file' did not match any files

UDAY@Puneeth MINGW64 ~/Desktop/Repo/devops (develop)
$ git add .

UDAY@Puneeth MINGW64 ~/Desktop/Repo/devops (develop)
$ git status
On branch develop
Changes to be committed:
  (use "git restore --staged <file>..." to unstage)
        new file:   file 3.txt


UDAY@Puneeth MINGW64 ~/Desktop/Repo/devops (develop)
$ git commit -m "Inserting additional git commands"
[develop 48c07d1] Inserting additional git commands
 1 file changed, 55 insertions(+)
 create mode 100644 file 3.txt

UDAY@Puneeth MINGW64 ~/Desktop/Repo/devops (develop)
$ git push origin develop
Enumerating objects: 4, done.
Counting objects: 100% (4/4), done.
Delta compression using up to 16 threads
Compressing objects: 100% (3/3), done.
Writing objects: 100% (3/3), 887 bytes | 887.00 KiB/s, done.
Total 3 (delta 0), reused 0 (delta 0), pack-reused 0
remote:
remote: Create a pull request for 'develop' on GitHub by visiting:
remote:      https://github.com/Puneethmp/Devops/pull/new/develop
remote:
To https://github.com/Puneethmp/Devops.git
 * [new branch]      develop -> develop

UDAY@Puneeth MINGW64 ~/Desktop/Repo/devops (develop)
$ git checkout main
Switched to branch 'main'
Your branch is up to date with 'origin/main'.

UDAY@Puneeth MINGW64 ~/Desktop/Repo/devops (main)
$ git checkout develop
Switched to branch 'develop'

UDAY@Puneeth MINGW64 ~/Desktop/Repo/devops (develop)
$
